<?xml version="1.0" encoding="UTF-8"?>
<TestRun id="925a3cfc-322e-4276-a36c-58a3a14b3cf7" name="Thais@THAIS-PC 2012-10-08 18:30:23" runUser="Thais-PC\Thais" xmlns="http://microsoft.com/schemas/VisualStudio/TeamTest/2010">
  <TestSettings name="Default Test Settings" id="f88571b3-e0d0-4f03-9bc8-3fff79ade5fd">
    <Deployment runDeploymentRoot="Thais_THAIS-PC 2012-10-08 18_30_23">
      <DeploymentItem filename="C:\ingresso\Rastreabilidade\workspace\Rastreabilidade.Entidades\bin\Debug\Rastreabilidade.Entidades.dll" />
      <DeploymentItem filename="C:\ingresso\Rastreabilidade\workspace\Rastreabilidade\bin\Rastreabilidade.dll" />
    </Deployment>
    <Execution>
      <TestTypeSpecific />
      <AgentRule name="Execution Agents">
      </AgentRule>
    </Execution>
  </TestSettings>
  <Times creation="2012-10-08T18:30:23.5331332-03:00" queuing="2012-10-08T18:30:24.7522029-03:00" start="2012-10-08T18:30:24.9752156-03:00" finish="2012-10-08T18:30:26.3292931-03:00" />
  <ResultSummary outcome="Completed">
    <Counters total="1" executed="1" passed="1" error="0" failed="0" timeout="0" aborted="0" inconclusive="0" passedButRunAborted="0" notRunnable="0" notExecuted="0" disconnected="0" warning="0" completed="0" inProgress="0" pending="0" />
  </ResultSummary>
  <TestDefinitions>
    <UnitTest name="VerificaSlug" storage="c:\ingresso\rastreabilidade\workspace\rastreabilidade.tests\bin\debug\rastreabilidade.tests.dll" id="d6a7f577-f29d-e5a6-881a-ae7d95370252">
      <Execution id="94edb63e-4663-40eb-9f6f-5f16a4fbef02" />
      <TestMethod codeBase="C:/ingresso/Rastreabilidade/workspace/Rastreabilidade.Tests/bin/Debug/Rastreabilidade.Tests.DLL" adapterTypeName="Microsoft.VisualStudio.TestTools.TestTypes.Unit.UnitTestAdapter, Microsoft.VisualStudio.QualityTools.Tips.UnitTest.Adapter, Version=10.0.0.0, Culture=neutral, PublicKeyToken=b03f5f7f11d50a3a" className="Rastreabilidade.Tests.Model.ValidacaoDeDadosTest, Rastreabilidade.Tests, Version=1.0.0.0, Culture=neutral, PublicKeyToken=null" name="VerificaSlug" />
    </UnitTest>
  </TestDefinitions>
  <TestLists>
    <TestList name="Results Not in a List" id="8c84fa94-04c1-424b-9868-57a2d4851a1d" />
    <TestList name="All Loaded Results" id="19431567-8539-422a-85d7-44ee4e166bda" />
  </TestLists>
  <TestEntries>
    <TestEntry testId="d6a7f577-f29d-e5a6-881a-ae7d95370252" executionId="94edb63e-4663-40eb-9f6f-5f16a4fbef02" testListId="8c84fa94-04c1-424b-9868-57a2d4851a1d" />
  </TestEntries>
  <Results>
    <UnitTestResult executionId="94edb63e-4663-40eb-9f6f-5f16a4fbef02" testId="d6a7f577-f29d-e5a6-881a-ae7d95370252" testName="VerificaSlug" computerName="THAIS-PC" duration="00:00:00.0691326" startTime="2012-10-08T18:30:25.1592262-03:00" endTime="2012-10-08T18:30:26.2552888-03:00" testType="13cdc9d9-ddb5-4fa4-a97d-d965ccfc6d4b" outcome="Passed" testListId="8c84fa94-04c1-424b-9868-57a2d4851a1d" relativeResultsDirectory="94edb63e-4663-40eb-9f6f-5f16a4fbef02">
    </UnitTestResult>
  </Results>
</TestRun>