<?xml version="1.0" encoding="UTF-8"?>
<TestRun id="dc97d89e-aa07-42d1-9c89-0cd149e22a88" name="Thais@THAIS-PC 2012-10-08 23:02:51" runUser="Thais-PC\Thais" xmlns="http://microsoft.com/schemas/VisualStudio/TeamTest/2010">
  <TestSettings name="Default Test Settings" id="e7c5c8e4-a43d-4c3e-a297-57b034adccf2">
    <Deployment runDeploymentRoot="Thais_THAIS-PC 2012-10-08 23_02_51">
      <DeploymentItem filename="C:\ingresso\Rastreabilidade\workspace\Rastreabilidade.Entidades\bin\Debug\Rastreabilidade.Entidades.dll" />
      <DeploymentItem filename="C:\ingresso\Rastreabilidade\workspace\Rastreabilidade\bin\Rastreabilidade.dll" />
    </Deployment>
    <Execution>
      <TestTypeSpecific />
      <AgentRule name="Execution Agents">
      </AgentRule>
    </Execution>
  </TestSettings>
  <Times creation="2012-10-08T23:02:51.0394459-03:00" queuing="2012-10-08T23:02:53.8226051-03:00" start="2012-10-08T23:02:54.1596244-03:00" finish="2012-10-08T23:05:04.9941077-03:00" />
  <ResultSummary outcome="Completed">
    <Counters total="4" executed="4" passed="4" error="0" failed="0" timeout="0" aborted="0" inconclusive="0" passedButRunAborted="0" notRunnable="0" notExecuted="0" disconnected="0" warning="0" completed="0" inProgress="0" pending="0" />
  </ResultSummary>
  <TestDefinitions>
    <UnitTest name="RepositorioRetornaNomeAtributoChave" storage="c:\ingresso\rastreabilidade\workspace\rastreabilidade.tests\bin\debug\rastreabilidade.tests.dll" id="ac9456df-b644-598b-d918-1c72a7128348">
      <Execution id="4823e0ae-2b7e-4d9e-92f8-efc0d3c654e6" />
      <TestMethod codeBase="C:/ingresso/Rastreabilidade/workspace/Rastreabilidade.Tests/bin/Debug/Rastreabilidade.Tests.DLL" adapterTypeName="Microsoft.VisualStudio.TestTools.TestTypes.Unit.UnitTestAdapter, Microsoft.VisualStudio.QualityTools.Tips.UnitTest.Adapter, Version=10.0.0.0, Culture=neutral, PublicKeyToken=b03f5f7f11d50a3a" className="Rastreabilidade.Tests.Model.ConfiguracaoRepositorio, Rastreabilidade.Tests, Version=1.0.0.0, Culture=neutral, PublicKeyToken=null" name="RepositorioRetornaNomeAtributoChave" />
    </UnitTest>
    <UnitTest name="RepositorioRetornaValorAtributoChave" storage="c:\ingresso\rastreabilidade\workspace\rastreabilidade.tests\bin\debug\rastreabilidade.tests.dll" id="89c72902-675d-00a3-d254-db3d49f4c0da">
      <Execution id="50cefe40-1b08-4acc-acbb-6ae726132045" />
      <TestMethod codeBase="C:/ingresso/Rastreabilidade/workspace/Rastreabilidade.Tests/bin/Debug/Rastreabilidade.Tests.DLL" adapterTypeName="Microsoft.VisualStudio.TestTools.TestTypes.Unit.UnitTestAdapter, Microsoft.VisualStudio.QualityTools.Tips.UnitTest.Adapter, Version=10.0.0.0, Culture=neutral, PublicKeyToken=b03f5f7f11d50a3a" className="Rastreabilidade.Tests.Model.ConfiguracaoRepositorio, Rastreabilidade.Tests, Version=1.0.0.0, Culture=neutral, PublicKeyToken=null" name="RepositorioRetornaValorAtributoChave" />
    </UnitTest>
    <UnitTest name="ExcecaoSobrescritaConfiguracao" storage="c:\ingresso\rastreabilidade\workspace\rastreabilidade.tests\bin\debug\rastreabilidade.tests.dll" id="dbd8e01c-61bc-a1ff-d044-d5c926b12944">
      <Execution id="e77e4dac-49f8-4769-b511-fb57eb201a38" />
      <TestMethod codeBase="C:/ingresso/Rastreabilidade/workspace/Rastreabilidade.Tests/bin/Debug/Rastreabilidade.Tests.DLL" adapterTypeName="Microsoft.VisualStudio.TestTools.TestTypes.Unit.UnitTestAdapter, Microsoft.VisualStudio.QualityTools.Tips.UnitTest.Adapter, Version=10.0.0.0, Culture=neutral, PublicKeyToken=b03f5f7f11d50a3a" className="Rastreabilidade.Tests.Model.ConfiguracaoRepositorio, Rastreabilidade.Tests, Version=1.0.0.0, Culture=neutral, PublicKeyToken=null" name="ExcecaoSobrescritaConfiguracao" />
    </UnitTest>
    <UnitTest name="SlugPreenchidoNoSetterDoNome" storage="c:\ingresso\rastreabilidade\workspace\rastreabilidade.tests\bin\debug\rastreabilidade.tests.dll" id="c2018b26-d1ca-aa30-8dda-dc026f4f9eed">
      <Execution id="6db2f26f-0c20-4c16-9653-32c1237123d2" />
      <TestMethod codeBase="C:/ingresso/Rastreabilidade/workspace/Rastreabilidade.Tests/bin/Debug/Rastreabilidade.Tests.DLL" adapterTypeName="Microsoft.VisualStudio.TestTools.TestTypes.Unit.UnitTestAdapter, Microsoft.VisualStudio.QualityTools.Tips.UnitTest.Adapter, Version=10.0.0.0, Culture=neutral, PublicKeyToken=b03f5f7f11d50a3a" className="Rastreabilidade.Tests.Model.ValidacaoDeDadosTest, Rastreabilidade.Tests, Version=1.0.0.0, Culture=neutral, PublicKeyToken=null" name="SlugPreenchidoNoSetterDoNome" />
    </UnitTest>
  </TestDefinitions>
  <TestLists>
    <TestList name="Results Not in a List" id="8c84fa94-04c1-424b-9868-57a2d4851a1d" />
    <TestList name="All Loaded Results" id="19431567-8539-422a-85d7-44ee4e166bda" />
  </TestLists>
  <TestEntries>
    <TestEntry testId="c2018b26-d1ca-aa30-8dda-dc026f4f9eed" executionId="6db2f26f-0c20-4c16-9653-32c1237123d2" testListId="8c84fa94-04c1-424b-9868-57a2d4851a1d" />
    <TestEntry testId="ac9456df-b644-598b-d918-1c72a7128348" executionId="4823e0ae-2b7e-4d9e-92f8-efc0d3c654e6" testListId="8c84fa94-04c1-424b-9868-57a2d4851a1d" />
    <TestEntry testId="89c72902-675d-00a3-d254-db3d49f4c0da" executionId="50cefe40-1b08-4acc-acbb-6ae726132045" testListId="8c84fa94-04c1-424b-9868-57a2d4851a1d" />
    <TestEntry testId="dbd8e01c-61bc-a1ff-d044-d5c926b12944" executionId="e77e4dac-49f8-4769-b511-fb57eb201a38" testListId="8c84fa94-04c1-424b-9868-57a2d4851a1d" />
  </TestEntries>
  <Results>
    <UnitTestResult executionId="6db2f26f-0c20-4c16-9653-32c1237123d2" testId="c2018b26-d1ca-aa30-8dda-dc026f4f9eed" testName="SlugPreenchidoNoSetterDoNome" computerName="THAIS-PC" duration="00:00:00.3642308" startTime="2012-10-08T23:02:54.4586415-03:00" endTime="2012-10-08T23:02:56.0927350-03:00" testType="13cdc9d9-ddb5-4fa4-a97d-d965ccfc6d4b" outcome="Passed" testListId="8c84fa94-04c1-424b-9868-57a2d4851a1d" relativeResultsDirectory="6db2f26f-0c20-4c16-9653-32c1237123d2">
    </UnitTestResult>
    <UnitTestResult executionId="4823e0ae-2b7e-4d9e-92f8-efc0d3c654e6" testId="ac9456df-b644-598b-d918-1c72a7128348" testName="RepositorioRetornaNomeAtributoChave" computerName="THAIS-PC" duration="00:00:00.0052537" startTime="2012-10-08T23:02:56.1047356-03:00" endTime="2012-10-08T23:02:56.1167363-03:00" testType="13cdc9d9-ddb5-4fa4-a97d-d965ccfc6d4b" outcome="Passed" testListId="8c84fa94-04c1-424b-9868-57a2d4851a1d" relativeResultsDirectory="4823e0ae-2b7e-4d9e-92f8-efc0d3c654e6">
    </UnitTestResult>
    <UnitTestResult executionId="50cefe40-1b08-4acc-acbb-6ae726132045" testId="89c72902-675d-00a3-d254-db3d49f4c0da" testName="RepositorioRetornaValorAtributoChave" computerName="THAIS-PC" duration="00:00:00.0078833" startTime="2012-10-08T23:02:56.1247368-03:00" endTime="2012-10-08T23:02:56.1377375-03:00" testType="13cdc9d9-ddb5-4fa4-a97d-d965ccfc6d4b" outcome="Passed" testListId="8c84fa94-04c1-424b-9868-57a2d4851a1d" relativeResultsDirectory="50cefe40-1b08-4acc-acbb-6ae726132045">
    </UnitTestResult>
    <UnitTestResult executionId="e77e4dac-49f8-4769-b511-fb57eb201a38" testId="dbd8e01c-61bc-a1ff-d044-d5c926b12944" testName="ExcecaoSobrescritaConfiguracao" computerName="THAIS-PC" duration="00:02:08.7509208" startTime="2012-10-08T23:02:56.1477381-03:00" endTime="2012-10-08T23:05:04.9091028-03:00" testType="13cdc9d9-ddb5-4fa4-a97d-d965ccfc6d4b" outcome="Passed" testListId="8c84fa94-04c1-424b-9868-57a2d4851a1d" relativeResultsDirectory="e77e4dac-49f8-4769-b511-fb57eb201a38">
    </UnitTestResult>
  </Results>
</TestRun>